Black wins!
S19A1R18B2Q17C3P16D4O15
Thank you for playing!
