Invalid!
Invalid!
Invalid coordinate
Invalid!
Invalid coordinate
Invalid coordinate
Invalid coordinate
Occupied coordinate
Invalid coordinate
Invalid!
Invalid coordinate
Invalid!
Invalid!
Invalid!
Invalid coordinate
Invalid coordinate
Invalid coordinate
