J10,.................................................
J10,.................................................
M3,..........................................xxxxxxx
M3,..........................................xxxxxxx
