White wins!
A10A19S1B18S2C17S3D16S4E15
Thank you for playing!
